[14:12:32.316] asd-tunnel-0   1/1   Running   0     82s
[14:12:32.317] asd-tunnel-1   1/1   Running   0     90s
[14:12:32.317] asd-tunnel-2   1/1   Running   0     98s
[14:12:37.379] asd-tunnel-2   1/1   Terminating         0     103s
[14:12:37.380] asd-tunnel-2   1/1   Terminating         0     103s
[14:12:37.380] asd-tunnel-2   1/1   Terminating         0     103s
[14:12:37.380] asd-tunnel-2   1/1   Terminating   0     103s
[14:12:37.380] asd-tunnel-2   1/1   Terminating         0     103s
[14:12:37.385] asd-tunnel-2   1/1   Terminating   0     103s
[14:12:37.386] asd-tunnel-2   1/1   Terminating         0     103s
[14:12:37.386] asd-tunnel-2   1/1   Terminating         0     103s
[14:12:37.386] asd-tunnel-2   1/1   Terminating         0     103s
[14:12:37.386] asd-tunnel-2   1/1   Terminating         0     103s
[14:12:37.485] asd-tunnel-2   0/1   Completed     0     103s
[14:12:37.485] asd-tunnel-2   0/1   Completed           0     103s
[14:12:37.485] asd-tunnel-2   0/1   Completed           0     103s
[14:12:37.485] asd-tunnel-2   0/1   Completed           0     103s
[14:12:37.485] asd-tunnel-2   0/1   Completed           0     103s
[14:12:38.214] asd-tunnel-2   0/1   Completed     0     104s
[14:12:38.214] asd-tunnel-2   0/1   Completed           0     104s
[14:12:38.214] asd-tunnel-2   0/1   Completed           0     104s
[14:12:38.214] asd-tunnel-2   0/1   Completed           0     104s
[14:12:38.215] asd-tunnel-2   0/1   Completed           0     104s
[14:12:38.218] asd-tunnel-2   0/1   Completed     0     104s
[14:12:38.218] asd-tunnel-2   0/1   Completed           0     104s
[14:12:38.218] asd-tunnel-2   0/1   Completed           0     104s
[14:12:38.218] asd-tunnel-2   0/1   Completed           0     104s
[14:12:38.218] asd-tunnel-2   0/1   Completed           0     104s
[14:12:38.222] asd-tunnel-2   0/1   Pending             0     0s
[14:12:38.222] asd-tunnel-2   0/1   Pending             0     0s
[14:12:38.222] asd-tunnel-2   0/1   Pending             0     0s
[14:12:38.222] asd-tunnel-2   0/1   Pending       0     0s
[14:12:38.222] asd-tunnel-2   0/1   Pending             0     0s
[14:12:38.226] asd-tunnel-2   0/1   Pending             0     0s
[14:12:38.226] asd-tunnel-2   0/1   Pending             0     0s
[14:12:38.226] asd-tunnel-2   0/1   Pending             0     0s
[14:12:38.227] asd-tunnel-2   0/1   Pending       0     0s
[14:12:38.227] asd-tunnel-2   0/1   Pending             0     0s
[14:12:38.233] asd-tunnel-2   0/1   ContainerCreating   0     0s
[14:12:38.233] asd-tunnel-2   0/1   ContainerCreating   0     0s
[14:12:38.233] asd-tunnel-2   0/1   ContainerCreating   0     0s
[14:12:38.233] asd-tunnel-2   0/1   ContainerCreating   0     0s
[14:12:38.233] asd-tunnel-2   0/1   ContainerCreating   0     0s
[14:12:39.221] asd-tunnel-2   0/1   Running             0     1s
[14:12:39.221] asd-tunnel-2   0/1   Running             0     1s
[14:12:39.221] asd-tunnel-2   0/1   Running             0     1s
[14:12:39.221] asd-tunnel-2   0/1   Running             0     1s
[14:12:39.223] asd-tunnel-2   0/1   Running             0     1s
[14:12:45.222] asd-tunnel-2   1/1   Running             0     7s
[14:12:45.222] asd-tunnel-2   1/1   Running             0     7s
[14:12:45.222] asd-tunnel-2   1/1   Running             0     7s
[14:12:45.223] asd-tunnel-2   1/1   Running             0     7s
[14:12:45.223] asd-tunnel-2   1/1   Running             0     7s
[14:12:45.226] asd-tunnel-1   1/1   Terminating         0     103s
[14:12:45.226] asd-tunnel-1   1/1   Terminating         0     103s
[14:12:45.226] asd-tunnel-1   1/1   Terminating         0     103s
[14:12:45.226] asd-tunnel-1   1/1   Terminating         0     103s
[14:12:45.226] asd-tunnel-1   1/1   Terminating         0     103s
[14:12:45.232] asd-tunnel-1   1/1   Terminating         0     103s
[14:12:45.232] asd-tunnel-1   1/1   Terminating         0     103s
[14:12:45.232] asd-tunnel-1   1/1   Terminating         0     103s
[14:12:45.232] asd-tunnel-1   1/1   Terminating         0     103s
[14:12:45.232] asd-tunnel-1   1/1   Terminating         0     103s
[14:12:45.326] asd-tunnel-1   0/1   Completed           0     103s
[14:12:45.326] asd-tunnel-1   0/1   Completed           0     103s
[14:12:45.326] asd-tunnel-1   0/1   Completed           0     103s
[14:12:45.326] asd-tunnel-1   0/1   Completed           0     103s
[14:12:45.326] asd-tunnel-1   0/1   Completed           0     103s
[14:12:46.227] asd-tunnel-1   0/1   Completed           0     104s
[14:12:46.227] asd-tunnel-1   0/1   Completed           0     104s
[14:12:46.228] asd-tunnel-1   0/1   Completed           0     104s
[14:12:46.228] asd-tunnel-1   0/1   Completed           0     104s
[14:12:46.228] asd-tunnel-1   0/1   Completed           0     104s
[14:12:46.231] asd-tunnel-1   0/1   Completed           0     104s
[14:12:46.231] asd-tunnel-1   0/1   Completed           0     104s
[14:12:46.231] asd-tunnel-1   0/1   Completed           0     104s
[14:12:46.231] asd-tunnel-1   0/1   Completed           0     104s
[14:12:46.231] asd-tunnel-1   0/1   Completed           0     104s
[14:12:46.235] asd-tunnel-1   0/1   Pending             0     0s
[14:12:46.235] asd-tunnel-1   0/1   Pending             0     0s
[14:12:46.235] asd-tunnel-1   0/1   Pending             0     0s
[14:12:46.235] asd-tunnel-1   0/1   Pending             0     0s
[14:12:46.235] asd-tunnel-1   0/1   Pending             0     0s
[14:12:46.237] asd-tunnel-1   0/1   Pending             0     0s
[14:12:46.237] asd-tunnel-1   0/1   Pending             0     0s
[14:12:46.238] asd-tunnel-1   0/1   Pending             0     0s
[14:12:46.238] asd-tunnel-1   0/1   Pending             0     0s
[14:12:46.238] asd-tunnel-1   0/1   Pending             0     0s
[14:12:46.244] asd-tunnel-1   0/1   ContainerCreating   0     0s
[14:12:46.244] asd-tunnel-1   0/1   ContainerCreating   0     0s
[14:12:46.244] asd-tunnel-1   0/1   ContainerCreating   0     0s
[14:12:46.244] asd-tunnel-1   0/1   ContainerCreating   0     0s
[14:12:46.244] asd-tunnel-1   0/1   ContainerCreating   0     0s
[14:12:47.232] asd-tunnel-1   0/1   Running             0     1s
[14:12:47.233] asd-tunnel-1   0/1   Running             0     1s
[14:12:47.233] asd-tunnel-1   0/1   Running             0     1s
[14:12:47.233] asd-tunnel-1   0/1   Running             0     1s
[14:12:47.233] asd-tunnel-1   0/1   Running             0     1s
[14:12:53.241] asd-tunnel-1   1/1   Running             0     7s
[14:12:53.241] asd-tunnel-1   1/1   Running             0     7s
[14:12:53.241] asd-tunnel-1   1/1   Running             0     7s
[14:12:53.241] asd-tunnel-1   1/1   Running             0     7s
[14:12:53.241] asd-tunnel-1   1/1   Running             0     7s
[14:12:53.252] asd-tunnel-0   1/1   Terminating         0     103s
[14:12:53.252] asd-tunnel-0   1/1   Terminating         0     103s
[14:12:53.252] asd-tunnel-0   1/1   Terminating         0     103s
[14:12:53.252] asd-tunnel-0   1/1   Terminating         0     103s
[14:12:53.253] asd-tunnel-0   1/1   Terminating         0     103s
[14:12:53.268] asd-tunnel-0   1/1   Terminating         0     103s
[14:12:53.269] asd-tunnel-0   1/1   Terminating         0     103s
[14:12:53.269] asd-tunnel-0   1/1   Terminating         0     103s
[14:12:53.269] asd-tunnel-0   1/1   Terminating         0     103s
[14:12:53.269] asd-tunnel-0   1/1   Terminating         0     103s
[14:12:53.351] asd-tunnel-0   0/1   Completed           0     103s
[14:12:53.351] asd-tunnel-0   0/1   Completed           0     103s
[14:12:53.351] asd-tunnel-0   0/1   Completed           0     103s
[14:12:53.351] asd-tunnel-0   0/1   Completed           0     103s
[14:12:53.351] asd-tunnel-0   0/1   Completed           0     103s
[14:12:54.243] asd-tunnel-0   0/1   Completed           0     104s
[14:12:54.243] asd-tunnel-0   0/1   Completed           0     104s
[14:12:54.243] asd-tunnel-0   0/1   Completed           0     104s
[14:12:54.243] asd-tunnel-0   0/1   Completed           0     104s
[14:12:54.243] asd-tunnel-0   0/1   Completed           0     104s
[14:12:54.246] asd-tunnel-0   0/1   Completed           0     104s
[14:12:54.246] asd-tunnel-0   0/1   Completed           0     104s
[14:12:54.246] asd-tunnel-0   0/1   Completed           0     104s
[14:12:54.246] asd-tunnel-0   0/1   Completed           0     104s
[14:12:54.246] asd-tunnel-0   0/1   Completed           0     104s
[14:12:54.250] asd-tunnel-0   0/1   Pending             0     0s
[14:12:54.250] asd-tunnel-0   0/1   Pending             0     0s
[14:12:54.250] asd-tunnel-0   0/1   Pending             0     0s
[14:12:54.250] asd-tunnel-0   0/1   Pending             0     0s
[14:12:54.250] asd-tunnel-0   0/1   Pending             0     0s
[14:12:54.253] asd-tunnel-0   0/1   Pending             0     0s
[14:12:54.253] asd-tunnel-0   0/1   Pending             0     0s
[14:12:54.253] asd-tunnel-0   0/1   Pending             0     0s
[14:12:54.253] asd-tunnel-0   0/1   Pending             0     0s
[14:12:54.253] asd-tunnel-0   0/1   Pending             0     0s
[14:12:54.259] asd-tunnel-0   0/1   ContainerCreating   0     0s
[14:12:54.259] asd-tunnel-0   0/1   ContainerCreating   0     0s
[14:12:54.260] asd-tunnel-0   0/1   ContainerCreating   0     0s
[14:12:54.260] asd-tunnel-0   0/1   ContainerCreating   0     0s
[14:12:54.260] asd-tunnel-0   0/1   ContainerCreating   0     0s
[14:12:55.249] asd-tunnel-0   0/1   Running             0     1s
[14:12:55.249] asd-tunnel-0   0/1   Running             0     1s
[14:12:55.249] asd-tunnel-0   0/1   Running             0     1s
[14:12:55.249] asd-tunnel-0   0/1   Running             0     1s
[14:12:55.249] asd-tunnel-0   0/1   Running             0     1s
[14:13:01.241] asd-tunnel-0   1/1   Running             0     7s
[14:13:01.241] asd-tunnel-0   1/1   Running             0     7s
[14:13:01.241] asd-tunnel-0   1/1   Running             0     7s
[14:13:01.241] asd-tunnel-0   1/1   Running             0     7s
[14:13:01.241] asd-tunnel-0   1/1   Running             0     7s
